2023-12-25 20:45:56 (UTC) iota_sdk::client::node_manager::syncing    [94mDEBUG[0m sync_nodes
2023-12-25 20:45:56 (UTC) reqwest::connect                           [94mDEBUG[0m starting new connection: https://api.testnet.shimmer.network/
2023-12-25 20:45:56 (UTC) rustls::client::hs                         [94mDEBUG[0m No cached session for DnsName("api.testnet.shimmer.network")
2023-12-25 20:45:56 (UTC) rustls::client::hs                         [94mDEBUG[0m Not resuming any session
2023-12-25 20:45:56 (UTC) rustls::client::hs                         [94mDEBUG[0m Using ciphersuite TLS13_AES_256_GCM_SHA384
2023-12-25 20:45:56 (UTC) rustls::client::tls13                      [94mDEBUG[0m Not resuming
2023-12-25 20:45:56 (UTC) rustls::client::tls13                      [94mDEBUG[0m TLS1.3 encrypted extensions: [ServerNameAck, Protocols([ProtocolName(6832)])]
2023-12-25 20:45:56 (UTC) rustls::client::hs                         [94mDEBUG[0m ALPN protocol is Some(b"h2")
2023-12-25 20:45:56 (UTC) iota_sdk::client::node_manager::http_client [94mDEBUG[0m GET: 395 ms for 200 OK https://api.testnet.shimmer.network/api/core/v2/info
2023-12-25 20:45:56 (UTC) rustls::common_state                       [94mDEBUG[0m Sending warning alert CloseNotify
2023-12-25 20:45:56 (UTC) iota_sdk_bindings_core::method_handler::call_method [94mDEBUG[0m Client method: GetInfo
2023-12-25 20:45:56 (UTC) reqwest::connect                           [94mDEBUG[0m starting new connection: https://api.testnet.shimmer.network/
2023-12-25 20:45:56 (UTC) rustls::client::hs                         [94mDEBUG[0m No cached session for DnsName("api.testnet.shimmer.network")
2023-12-25 20:45:56 (UTC) rustls::client::hs                         [94mDEBUG[0m Not resuming any session
2023-12-25 20:45:56 (UTC) rustls::client::hs                         [94mDEBUG[0m Using ciphersuite TLS13_AES_256_GCM_SHA384
2023-12-25 20:45:56 (UTC) rustls::client::tls13                      [94mDEBUG[0m Not resuming
2023-12-25 20:45:56 (UTC) rustls::client::tls13                      [94mDEBUG[0m TLS1.3 encrypted extensions: [ServerNameAck, Protocols([ProtocolName(6832)])]
2023-12-25 20:45:56 (UTC) rustls::client::hs                         [94mDEBUG[0m ALPN protocol is Some(b"h2")
2023-12-25 20:45:56 (UTC) iota_sdk::client::node_manager::http_client [94mDEBUG[0m GET: 179 ms for 200 OK https://api.testnet.shimmer.network/api/core/v2/info
2023-12-25 20:45:56 (UTC) iota_sdk_bindings_core::method_handler::call_method [94mDEBUG[0m Client response: Info(NodeInfoWrapper { node_info: InfoResponse { name: "HORNET", version: "2.0.0", status: StatusResponse { is_healthy: true, latest_milestone: LatestMilestoneResponse { index: 1147051, timestamp: Some(1703537150), milestone_id: Some(MilestoneId(0x2483662d938120a291e974e1ca8c2100cf927548a804866775c38e78c0d3112f)) }, confirmed_milestone: ConfirmedMilestoneResponse { index: 1147051, timestamp: Some(1703537150), milestone_id: Some(MilestoneId(0x2483662d938120a291e974e1ca8c2100cf927548a804866775c38e78c0d3112f)) }, pruning_index: 0 }, supported_protocol_versions: [2], protocol: ProtocolParameters { protocol_version: 2, network_name: "testnet-2", bech32_hrp: Hrp { inner: [114, 109, 115, 0, 0, 0, 0, 0, 0, 0, 0, 0, 0, 0, 0, 0, 0, 0, 0, 0, 0, 0, 0, 0, 0, 0, 0, 0, 0, 0, 0, 0, 0, 0, 0, 0, 0, 0, 0, 0, 0, 0, 0, 0, 0, 0, 0, 0, 0, 0, 0, 0, 0, 0, 0, 0, 0, 0, 0, 0, 0, 0, 0, 0, 0, 0, 0, 0, 0, 0, 0, 0, 0, 0, 0, 0, 0, 0, 0, 0, 0, 0, 0], len: 3 }, min_pow_score: 1500, below_max_depth: 15, rent_structure: RentStructure { v_byte_cost: 100, v_byte_factor_key: 10, v_byte_factor_data: 1 }, token_supply: 288230376151711743 }, pending_protocol_parameters: [], base_token: BaseTokenResponse { name: "Shimmer", ticker_symbol: "SMR", unit: "SMR", subunit: Some("glow"), decimals: 6, use_metric_prefix: false }, metrics: MetricsResponse { blocks_per_second: 6.2, referenced_blocks_per_second: 6.4, referenced_rate: 103.2258064516129 }, features: [] }, url: "https://api.testnet.shimmer.network" })
2023-12-25 20:47:40 (UTC) iota_sdk::client::node_manager::syncing    [94mDEBUG[0m sync_nodes
2023-12-25 20:47:40 (UTC) reqwest::connect                           [94mDEBUG[0m starting new connection: https://api.testnet.shimmer.network/
2023-12-25 20:47:40 (UTC) rustls::client::hs                         [94mDEBUG[0m No cached session for DnsName("api.testnet.shimmer.network")
2023-12-25 20:47:40 (UTC) rustls::client::hs                         [94mDEBUG[0m Not resuming any session
2023-12-25 20:47:40 (UTC) rustls::client::hs                         [94mDEBUG[0m Using ciphersuite TLS13_AES_256_GCM_SHA384
2023-12-25 20:47:40 (UTC) rustls::client::tls13                      [94mDEBUG[0m Not resuming
2023-12-25 20:47:40 (UTC) rustls::client::tls13                      [94mDEBUG[0m TLS1.3 encrypted extensions: [ServerNameAck, Protocols([ProtocolName(6832)])]
2023-12-25 20:47:40 (UTC) rustls::client::hs                         [94mDEBUG[0m ALPN protocol is Some(b"h2")
2023-12-25 20:47:40 (UTC) iota_sdk::client::node_manager::http_client [94mDEBUG[0m GET: 273 ms for 200 OK https://api.testnet.shimmer.network/api/core/v2/info
2023-12-25 20:47:40 (UTC) rustls::common_state                       [94mDEBUG[0m Sending warning alert CloseNotify
2023-12-25 20:47:40 (UTC) iota_sdk_bindings_core::method_handler::call_method [94mDEBUG[0m Client method: GetInfo
2023-12-25 20:47:40 (UTC) reqwest::connect                           [94mDEBUG[0m starting new connection: https://api.testnet.shimmer.network/
2023-12-25 20:47:40 (UTC) rustls::client::hs                         [94mDEBUG[0m No cached session for DnsName("api.testnet.shimmer.network")
2023-12-25 20:47:40 (UTC) rustls::client::hs                         [94mDEBUG[0m Not resuming any session
2023-12-25 20:47:40 (UTC) rustls::client::hs                         [94mDEBUG[0m Using ciphersuite TLS13_AES_256_GCM_SHA384
2023-12-25 20:47:40 (UTC) rustls::client::tls13                      [94mDEBUG[0m Not resuming
2023-12-25 20:47:40 (UTC) rustls::client::tls13                      [94mDEBUG[0m TLS1.3 encrypted extensions: [ServerNameAck, Protocols([ProtocolName(6832)])]
2023-12-25 20:47:40 (UTC) rustls::client::hs                         [94mDEBUG[0m ALPN protocol is Some(b"h2")
2023-12-25 20:47:40 (UTC) iota_sdk::client::node_manager::http_client [94mDEBUG[0m GET: 123 ms for 200 OK https://api.testnet.shimmer.network/api/core/v2/info
2023-12-25 20:47:40 (UTC) iota_sdk_bindings_core::method_handler::call_method [94mDEBUG[0m Client response: Info(NodeInfoWrapper { node_info: InfoResponse { name: "HORNET", version: "2.0.0", status: StatusResponse { is_healthy: true, latest_milestone: LatestMilestoneResponse { index: 1147071, timestamp: Some(1703537256), milestone_id: Some(MilestoneId(0x59785452a5be6c4cc580df5567134586fd0da4ad819432690e539bc9ff0fbdc5)) }, confirmed_milestone: ConfirmedMilestoneResponse { index: 1147071, timestamp: Some(1703537256), milestone_id: Some(MilestoneId(0x59785452a5be6c4cc580df5567134586fd0da4ad819432690e539bc9ff0fbdc5)) }, pruning_index: 0 }, supported_protocol_versions: [2], protocol: ProtocolParameters { protocol_version: 2, network_name: "testnet-2", bech32_hrp: Hrp { inner: [114, 109, 115, 0, 0, 0, 0, 0, 0, 0, 0, 0, 0, 0, 0, 0, 0, 0, 0, 0, 0, 0, 0, 0, 0, 0, 0, 0, 0, 0, 0, 0, 0, 0, 0, 0, 0, 0, 0, 0, 0, 0, 0, 0, 0, 0, 0, 0, 0, 0, 0, 0, 0, 0, 0, 0, 0, 0, 0, 0, 0, 0, 0, 0, 0, 0, 0, 0, 0, 0, 0, 0, 0, 0, 0, 0, 0, 0, 0, 0, 0, 0, 0], len: 3 }, min_pow_score: 1500, below_max_depth: 15, rent_structure: RentStructure { v_byte_cost: 100, v_byte_factor_key: 10, v_byte_factor_data: 1 }, token_supply: 288230376151711743 }, pending_protocol_parameters: [], base_token: BaseTokenResponse { name: "Shimmer", ticker_symbol: "SMR", unit: "SMR", subunit: Some("glow"), decimals: 6, use_metric_prefix: false }, metrics: MetricsResponse { blocks_per_second: 4.8, referenced_blocks_per_second: 5.8, referenced_rate: 120.83333333333331 }, features: [] }, url: "https://api.testnet.shimmer.network" })
2023-12-26 14:18:20 (UTC) iota_sdk::client::node_manager::syncing    [94mDEBUG[0m sync_nodes
2023-12-26 14:18:20 (UTC) reqwest::connect                           [94mDEBUG[0m starting new connection: https://api.testnet.shimmer.network/
2023-12-26 14:18:20 (UTC) rustls::client::hs                         [94mDEBUG[0m No cached session for DnsName("api.testnet.shimmer.network")
2023-12-26 14:18:20 (UTC) rustls::client::hs                         [94mDEBUG[0m Not resuming any session
2023-12-26 14:18:20 (UTC) rustls::client::hs                         [94mDEBUG[0m Using ciphersuite TLS13_AES_256_GCM_SHA384
2023-12-26 14:18:20 (UTC) rustls::client::tls13                      [94mDEBUG[0m Not resuming
2023-12-26 14:18:20 (UTC) rustls::client::tls13                      [94mDEBUG[0m TLS1.3 encrypted extensions: [ServerNameAck, Protocols([ProtocolName(6832)])]
2023-12-26 14:18:20 (UTC) rustls::client::hs                         [94mDEBUG[0m ALPN protocol is Some(b"h2")
2023-12-26 14:18:20 (UTC) iota_sdk::client::node_manager::http_client [94mDEBUG[0m GET: 238 ms for 200 OK https://api.testnet.shimmer.network/api/core/v2/info
2023-12-26 14:18:20 (UTC) rustls::common_state                       [94mDEBUG[0m Sending warning alert CloseNotify
2023-12-26 14:18:20 (UTC) iota_sdk_bindings_core::method_handler::call_method [94mDEBUG[0m Client method: GetInfo
2023-12-26 14:18:20 (UTC) reqwest::connect                           [94mDEBUG[0m starting new connection: https://api.testnet.shimmer.network/
2023-12-26 14:18:20 (UTC) rustls::client::hs                         [94mDEBUG[0m No cached session for DnsName("api.testnet.shimmer.network")
2023-12-26 14:18:20 (UTC) rustls::client::hs                         [94mDEBUG[0m Not resuming any session
2023-12-26 14:18:20 (UTC) rustls::client::hs                         [94mDEBUG[0m Using ciphersuite TLS13_AES_256_GCM_SHA384
2023-12-26 14:18:20 (UTC) rustls::client::tls13                      [94mDEBUG[0m Not resuming
2023-12-26 14:18:20 (UTC) rustls::client::tls13                      [94mDEBUG[0m TLS1.3 encrypted extensions: [ServerNameAck, Protocols([ProtocolName(6832)])]
2023-12-26 14:18:20 (UTC) rustls::client::hs                         [94mDEBUG[0m ALPN protocol is Some(b"h2")
2023-12-26 14:18:20 (UTC) iota_sdk::client::node_manager::http_client [94mDEBUG[0m GET: 230 ms for 200 OK https://api.testnet.shimmer.network/api/core/v2/info
2023-12-26 14:18:20 (UTC) iota_sdk_bindings_core::method_handler::call_method [94mDEBUG[0m Client response: Info(NodeInfoWrapper { node_info: InfoResponse { name: "HORNET", version: "2.0.0", status: StatusResponse { is_healthy: true, latest_milestone: LatestMilestoneResponse { index: 1159152, timestamp: Some(1703600292), milestone_id: Some(MilestoneId(0xca469df501a34b89ff8aea9ff36a8030b372ca7c5c5b5f4a98dc4f8ef534f07b)) }, confirmed_milestone: ConfirmedMilestoneResponse { index: 1159152, timestamp: Some(1703600292), milestone_id: Some(MilestoneId(0xca469df501a34b89ff8aea9ff36a8030b372ca7c5c5b5f4a98dc4f8ef534f07b)) }, pruning_index: 0 }, supported_protocol_versions: [2], protocol: ProtocolParameters { protocol_version: 2, network_name: "testnet-2", bech32_hrp: Hrp { inner: [114, 109, 115, 0, 0, 0, 0, 0, 0, 0, 0, 0, 0, 0, 0, 0, 0, 0, 0, 0, 0, 0, 0, 0, 0, 0, 0, 0, 0, 0, 0, 0, 0, 0, 0, 0, 0, 0, 0, 0, 0, 0, 0, 0, 0, 0, 0, 0, 0, 0, 0, 0, 0, 0, 0, 0, 0, 0, 0, 0, 0, 0, 0, 0, 0, 0, 0, 0, 0, 0, 0, 0, 0, 0, 0, 0, 0, 0, 0, 0, 0, 0, 0], len: 3 }, min_pow_score: 1500, below_max_depth: 15, rent_structure: RentStructure { v_byte_cost: 100, v_byte_factor_key: 10, v_byte_factor_data: 1 }, token_supply: 288230376151711743 }, pending_protocol_parameters: [], base_token: BaseTokenResponse { name: "Shimmer", ticker_symbol: "SMR", unit: "SMR", subunit: Some("glow"), decimals: 6, use_metric_prefix: false }, metrics: MetricsResponse { blocks_per_second: 5.2, referenced_blocks_per_second: 5.4, referenced_rate: 103.84615384615384 }, features: [] }, url: "https://api.testnet.shimmer.network" })
2023-12-26 14:20:41 (UTC) iota_sdk::client::node_manager::syncing    [94mDEBUG[0m sync_nodes
2023-12-26 14:20:41 (UTC) reqwest::connect                           [94mDEBUG[0m starting new connection: https://stardust.xeevee.net/
2023-12-26 14:20:41 (UTC) rustls::client::hs                         [94mDEBUG[0m No cached session for DnsName("stardust.xeevee.net")
2023-12-26 14:20:41 (UTC) rustls::client::hs                         [94mDEBUG[0m Not resuming any session
2023-12-26 14:20:41 (UTC) rustls::client::hs                         [94mDEBUG[0m Using ciphersuite TLS13_AES_128_GCM_SHA256
2023-12-26 14:20:41 (UTC) rustls::client::tls13                      [94mDEBUG[0m Not resuming
2023-12-26 14:20:41 (UTC) rustls::client::tls13                      [94mDEBUG[0m TLS1.3 encrypted extensions: [Protocols([ProtocolName(6832)])]
2023-12-26 14:20:41 (UTC) rustls::client::hs                         [94mDEBUG[0m ALPN protocol is Some(b"h2")
2023-12-26 14:20:41 (UTC) iota_sdk::client::node_manager::http_client [94mDEBUG[0m GET: 270 ms for 200 OK https://stardust.xeevee.net/api/core/v2/info
2023-12-26 14:20:41 (UTC) rustls::common_state                       [94mDEBUG[0m Sending warning alert CloseNotify
2023-12-26 14:20:41 (UTC) iota_sdk_bindings_core::method_handler::call_method [94mDEBUG[0m Client method: GetInfo
2023-12-26 14:20:41 (UTC) reqwest::connect                           [94mDEBUG[0m starting new connection: https://stardust.xeevee.net/
2023-12-26 14:20:41 (UTC) rustls::client::hs                         [94mDEBUG[0m No cached session for DnsName("stardust.xeevee.net")
2023-12-26 14:20:41 (UTC) rustls::client::hs                         [94mDEBUG[0m Not resuming any session
2023-12-26 14:20:41 (UTC) rustls::client::hs                         [94mDEBUG[0m Using ciphersuite TLS13_AES_128_GCM_SHA256
2023-12-26 14:20:41 (UTC) rustls::client::tls13                      [94mDEBUG[0m Not resuming
2023-12-26 14:20:41 (UTC) rustls::client::tls13                      [94mDEBUG[0m TLS1.3 encrypted extensions: [Protocols([ProtocolName(6832)])]
2023-12-26 14:20:41 (UTC) rustls::client::hs                         [94mDEBUG[0m ALPN protocol is Some(b"h2")
2023-12-26 14:20:41 (UTC) iota_sdk::client::node_manager::http_client [94mDEBUG[0m GET: 188 ms for 200 OK https://stardust.xeevee.net/api/core/v2/info
2023-12-26 14:20:41 (UTC) iota_sdk_bindings_core::method_handler::call_method [94mDEBUG[0m Client response: Info(NodeInfoWrapper { node_info: InfoResponse { name: "HORNET", version: "2.0.1", status: StatusResponse { is_healthy: true, latest_milestone: LatestMilestoneResponse { index: 7569358, timestamp: Some(1703600438), milestone_id: Some(MilestoneId(0xa35eb3b1c01c049c9778f4d3d4fc7e7622750e8c620a23c5a4c5df8bb9fa10a5)) }, confirmed_milestone: ConfirmedMilestoneResponse { index: 7569358, timestamp: Some(1703600438), milestone_id: Some(MilestoneId(0xa35eb3b1c01c049c9778f4d3d4fc7e7622750e8c620a23c5a4c5df8bb9fa10a5)) }, pruning_index: 7123917 }, supported_protocol_versions: [2], protocol: ProtocolParameters { protocol_version: 2, network_name: "shimmer", bech32_hrp: Hrp { inner: [115, 109, 114, 0, 0, 0, 0, 0, 0, 0, 0, 0, 0, 0, 0, 0, 0, 0, 0, 0, 0, 0, 0, 0, 0, 0, 0, 0, 0, 0, 0, 0, 0, 0, 0, 0, 0, 0, 0, 0, 0, 0, 0, 0, 0, 0, 0, 0, 0, 0, 0, 0, 0, 0, 0, 0, 0, 0, 0, 0, 0, 0, 0, 0, 0, 0, 0, 0, 0, 0, 0, 0, 0, 0, 0, 0, 0, 0, 0, 0, 0, 0, 0], len: 3 }, min_pow_score: 1500, below_max_depth: 15, rent_structure: RentStructure { v_byte_cost: 100, v_byte_factor_key: 10, v_byte_factor_data: 1 }, token_supply: 1813620509061365 }, pending_protocol_parameters: [], base_token: BaseTokenResponse { name: "Shimmer", ticker_symbol: "SMR", unit: "SMR", subunit: Some("glow"), decimals: 6, use_metric_prefix: false }, metrics: MetricsResponse { blocks_per_second: 8.2, referenced_blocks_per_second: 5.4, referenced_rate: 65.85365853658537 }, features: [] }, url: "https://stardust.xeevee.net" })
2023-12-26 14:34:54 (UTC) iota_sdk::client::node_manager::syncing    [94mDEBUG[0m sync_nodes
2023-12-26 14:34:54 (UTC) reqwest::connect                           [94mDEBUG[0m starting new connection: https://stardust.xeevee.net/
2023-12-26 14:34:54 (UTC) rustls::client::hs                         [94mDEBUG[0m No cached session for DnsName("stardust.xeevee.net")
2023-12-26 14:34:54 (UTC) rustls::client::hs                         [94mDEBUG[0m Not resuming any session
2023-12-26 14:34:54 (UTC) rustls::client::hs                         [94mDEBUG[0m Using ciphersuite TLS13_AES_128_GCM_SHA256
2023-12-26 14:34:54 (UTC) rustls::client::tls13                      [94mDEBUG[0m Not resuming
2023-12-26 14:34:54 (UTC) rustls::client::tls13                      [94mDEBUG[0m TLS1.3 encrypted extensions: [Protocols([ProtocolName(6832)])]
2023-12-26 14:34:54 (UTC) rustls::client::hs                         [94mDEBUG[0m ALPN protocol is Some(b"h2")
2023-12-26 14:34:54 (UTC) iota_sdk::client::node_manager::http_client [94mDEBUG[0m GET: 250 ms for 200 OK https://stardust.xeevee.net/api/core/v2/info
2023-12-26 14:34:54 (UTC) rustls::common_state                       [94mDEBUG[0m Sending warning alert CloseNotify
2023-12-26 14:34:54 (UTC) iota_sdk_bindings_core::method_handler::call_method [94mDEBUG[0m Client method: GetInfo
2023-12-26 14:34:54 (UTC) reqwest::connect                           [94mDEBUG[0m starting new connection: https://stardust.xeevee.net/
2023-12-26 14:34:54 (UTC) rustls::client::hs                         [94mDEBUG[0m No cached session for DnsName("stardust.xeevee.net")
2023-12-26 14:34:54 (UTC) rustls::client::hs                         [94mDEBUG[0m Not resuming any session
2023-12-26 14:34:55 (UTC) rustls::client::hs                         [94mDEBUG[0m Using ciphersuite TLS13_AES_128_GCM_SHA256
2023-12-26 14:34:55 (UTC) rustls::client::tls13                      [94mDEBUG[0m Not resuming
2023-12-26 14:34:55 (UTC) rustls::client::tls13                      [94mDEBUG[0m TLS1.3 encrypted extensions: [Protocols([ProtocolName(6832)])]
2023-12-26 14:34:55 (UTC) rustls::client::hs                         [94mDEBUG[0m ALPN protocol is Some(b"h2")
2023-12-26 14:34:55 (UTC) iota_sdk::client::node_manager::http_client [94mDEBUG[0m GET: 180 ms for 200 OK https://stardust.xeevee.net/api/core/v2/info
2023-12-26 14:34:55 (UTC) iota_sdk_bindings_core::method_handler::call_method [94mDEBUG[0m Client response: Info(NodeInfoWrapper { node_info: InfoResponse { name: "HORNET", version: "2.0.1", status: StatusResponse { is_healthy: true, latest_milestone: LatestMilestoneResponse { index: 7569520, timestamp: Some(1703601290), milestone_id: Some(MilestoneId(0x7c8bad8d81626ccb43113c603805be94861c8d5e7ee8d26dbf3c96207f98cc06)) }, confirmed_milestone: ConfirmedMilestoneResponse { index: 7569520, timestamp: Some(1703601290), milestone_id: Some(MilestoneId(0x7c8bad8d81626ccb43113c603805be94861c8d5e7ee8d26dbf3c96207f98cc06)) }, pruning_index: 7123917 }, supported_protocol_versions: [2], protocol: ProtocolParameters { protocol_version: 2, network_name: "shimmer", bech32_hrp: Hrp { inner: [115, 109, 114, 0, 0, 0, 0, 0, 0, 0, 0, 0, 0, 0, 0, 0, 0, 0, 0, 0, 0, 0, 0, 0, 0, 0, 0, 0, 0, 0, 0, 0, 0, 0, 0, 0, 0, 0, 0, 0, 0, 0, 0, 0, 0, 0, 0, 0, 0, 0, 0, 0, 0, 0, 0, 0, 0, 0, 0, 0, 0, 0, 0, 0, 0, 0, 0, 0, 0, 0, 0, 0, 0, 0, 0, 0, 0, 0, 0, 0, 0, 0, 0], len: 3 }, min_pow_score: 1500, below_max_depth: 15, rent_structure: RentStructure { v_byte_cost: 100, v_byte_factor_key: 10, v_byte_factor_data: 1 }, token_supply: 1813620509061365 }, pending_protocol_parameters: [], base_token: BaseTokenResponse { name: "Shimmer", ticker_symbol: "SMR", unit: "SMR", subunit: Some("glow"), decimals: 6, use_metric_prefix: false }, metrics: MetricsResponse { blocks_per_second: 7.4, referenced_blocks_per_second: 8.4, referenced_rate: 113.51351351351352 }, features: [] }, url: "https://stardust.xeevee.net" })
2023-12-26 14:40:59 (UTC) iota_sdk::client::node_manager::syncing    [94mDEBUG[0m sync_nodes
2023-12-26 14:41:00 (UTC) reqwest::connect                           [94mDEBUG[0m starting new connection: https://stardust.xeevee.net/
2023-12-26 14:41:00 (UTC) rustls::client::hs                         [94mDEBUG[0m No cached session for DnsName("stardust.xeevee.net")
2023-12-26 14:41:00 (UTC) rustls::client::hs                         [94mDEBUG[0m Not resuming any session
2023-12-26 14:41:00 (UTC) rustls::client::hs                         [94mDEBUG[0m Using ciphersuite TLS13_AES_128_GCM_SHA256
2023-12-26 14:41:00 (UTC) rustls::client::tls13                      [94mDEBUG[0m Not resuming
2023-12-26 14:41:00 (UTC) rustls::client::tls13                      [94mDEBUG[0m TLS1.3 encrypted extensions: [Protocols([ProtocolName(6832)])]
2023-12-26 14:41:00 (UTC) rustls::client::hs                         [94mDEBUG[0m ALPN protocol is Some(b"h2")
2023-12-26 14:41:00 (UTC) iota_sdk::client::node_manager::http_client [94mDEBUG[0m GET: 273 ms for 200 OK https://stardust.xeevee.net/api/core/v2/info
2023-12-26 14:41:00 (UTC) rustls::common_state                       [94mDEBUG[0m Sending warning alert CloseNotify
2023-12-26 14:41:00 (UTC) iota_sdk_bindings_core::method_handler::call_method [94mDEBUG[0m Client method: GetInfo
2023-12-26 14:41:00 (UTC) reqwest::connect                           [94mDEBUG[0m starting new connection: https://stardust.xeevee.net/
2023-12-26 14:41:00 (UTC) rustls::client::hs                         [94mDEBUG[0m No cached session for DnsName("stardust.xeevee.net")
2023-12-26 14:41:00 (UTC) rustls::client::hs                         [94mDEBUG[0m Not resuming any session
2023-12-26 14:41:00 (UTC) rustls::client::hs                         [94mDEBUG[0m Using ciphersuite TLS13_AES_128_GCM_SHA256
2023-12-26 14:41:00 (UTC) rustls::client::tls13                      [94mDEBUG[0m Not resuming
2023-12-26 14:41:00 (UTC) rustls::client::tls13                      [94mDEBUG[0m TLS1.3 encrypted extensions: [Protocols([ProtocolName(6832)])]
2023-12-26 14:41:00 (UTC) rustls::client::hs                         [94mDEBUG[0m ALPN protocol is Some(b"h2")
2023-12-26 14:41:00 (UTC) iota_sdk::client::node_manager::http_client [94mDEBUG[0m GET: 178 ms for 200 OK https://stardust.xeevee.net/api/core/v2/info
2023-12-26 14:41:00 (UTC) iota_sdk_bindings_core::method_handler::call_method [94mDEBUG[0m Client response: Info(NodeInfoWrapper { node_info: InfoResponse { name: "HORNET", version: "2.0.1", status: StatusResponse { is_healthy: true, latest_milestone: LatestMilestoneResponse { index: 7569590, timestamp: Some(1703601655), milestone_id: Some(MilestoneId(0x27eafb31ee48aae69e6c2bc8df566f25ad10f9c7b87fe5f95710bed7c186b576)) }, confirmed_milestone: ConfirmedMilestoneResponse { index: 7569590, timestamp: Some(1703601655), milestone_id: Some(MilestoneId(0x27eafb31ee48aae69e6c2bc8df566f25ad10f9c7b87fe5f95710bed7c186b576)) }, pruning_index: 7123917 }, supported_protocol_versions: [2], protocol: ProtocolParameters { protocol_version: 2, network_name: "shimmer", bech32_hrp: Hrp { inner: [115, 109, 114, 0, 0, 0, 0, 0, 0, 0, 0, 0, 0, 0, 0, 0, 0, 0, 0, 0, 0, 0, 0, 0, 0, 0, 0, 0, 0, 0, 0, 0, 0, 0, 0, 0, 0, 0, 0, 0, 0, 0, 0, 0, 0, 0, 0, 0, 0, 0, 0, 0, 0, 0, 0, 0, 0, 0, 0, 0, 0, 0, 0, 0, 0, 0, 0, 0, 0, 0, 0, 0, 0, 0, 0, 0, 0, 0, 0, 0, 0, 0, 0], len: 3 }, min_pow_score: 1500, below_max_depth: 15, rent_structure: RentStructure { v_byte_cost: 100, v_byte_factor_key: 10, v_byte_factor_data: 1 }, token_supply: 1813620509061365 }, pending_protocol_parameters: [], base_token: BaseTokenResponse { name: "Shimmer", ticker_symbol: "SMR", unit: "SMR", subunit: Some("glow"), decimals: 6, use_metric_prefix: false }, metrics: MetricsResponse { blocks_per_second: 11.0, referenced_blocks_per_second: 8.2, referenced_rate: 74.54545454545455 }, features: [] }, url: "https://stardust.xeevee.net" })
2023-12-26 19:04:37 (UTC) iota_sdk::client::node_manager::syncing    [94mDEBUG[0m sync_nodes
2023-12-26 19:04:37 (UTC) reqwest::connect                           [94mDEBUG[0m starting new connection: https://stardust.xeevee.net/
2023-12-26 19:04:37 (UTC) rustls::client::hs                         [94mDEBUG[0m No cached session for DnsName("stardust.xeevee.net")
2023-12-26 19:04:37 (UTC) rustls::client::hs                         [94mDEBUG[0m Not resuming any session
2023-12-26 19:04:37 (UTC) rustls::client::hs                         [94mDEBUG[0m Using ciphersuite TLS13_AES_128_GCM_SHA256
2023-12-26 19:04:37 (UTC) rustls::client::tls13                      [94mDEBUG[0m Not resuming
2023-12-26 19:04:37 (UTC) rustls::client::tls13                      [94mDEBUG[0m TLS1.3 encrypted extensions: [Protocols([ProtocolName(6832)])]
2023-12-26 19:04:37 (UTC) rustls::client::hs                         [94mDEBUG[0m ALPN protocol is Some(b"h2")
2023-12-26 19:04:38 (UTC) iota_sdk::client::node_manager::http_client [94mDEBUG[0m GET: 302 ms for 200 OK https://stardust.xeevee.net/api/core/v2/info
2023-12-26 19:04:38 (UTC) rustls::common_state                       [94mDEBUG[0m Sending warning alert CloseNotify
2023-12-26 19:04:38 (UTC) iota_sdk_bindings_core::method_handler::call_method [94mDEBUG[0m Client method: GetInfo
2023-12-26 19:04:38 (UTC) reqwest::connect                           [94mDEBUG[0m starting new connection: https://stardust.xeevee.net/
2023-12-26 19:04:38 (UTC) rustls::client::hs                         [94mDEBUG[0m No cached session for DnsName("stardust.xeevee.net")
2023-12-26 19:04:38 (UTC) rustls::client::hs                         [94mDEBUG[0m Not resuming any session
2023-12-26 19:04:38 (UTC) rustls::client::hs                         [94mDEBUG[0m Using ciphersuite TLS13_AES_128_GCM_SHA256
2023-12-26 19:04:38 (UTC) rustls::client::tls13                      [94mDEBUG[0m Not resuming
2023-12-26 19:04:38 (UTC) rustls::client::tls13                      [94mDEBUG[0m TLS1.3 encrypted extensions: [Protocols([ProtocolName(6832)])]
2023-12-26 19:04:38 (UTC) rustls::client::hs                         [94mDEBUG[0m ALPN protocol is Some(b"h2")
2023-12-26 19:04:38 (UTC) iota_sdk::client::node_manager::http_client [94mDEBUG[0m GET: 199 ms for 200 OK https://stardust.xeevee.net/api/core/v2/info
2023-12-26 19:04:38 (UTC) iota_sdk_bindings_core::method_handler::call_method [94mDEBUG[0m Client response: Info(NodeInfoWrapper { node_info: InfoResponse { name: "HORNET", version: "2.0.1", status: StatusResponse { is_healthy: true, latest_milestone: LatestMilestoneResponse { index: 7572615, timestamp: Some(1703617473), milestone_id: Some(MilestoneId(0x0ab135c7cb3df144acbdf8039afdbd43d2c1e2cfc0f2a2fcc582f21ad716c3e1)) }, confirmed_milestone: ConfirmedMilestoneResponse { index: 7572615, timestamp: Some(1703617473), milestone_id: Some(MilestoneId(0x0ab135c7cb3df144acbdf8039afdbd43d2c1e2cfc0f2a2fcc582f21ad716c3e1)) }, pruning_index: 7123917 }, supported_protocol_versions: [2], protocol: ProtocolParameters { protocol_version: 2, network_name: "shimmer", bech32_hrp: Hrp { inner: [115, 109, 114, 0, 0, 0, 0, 0, 0, 0, 0, 0, 0, 0, 0, 0, 0, 0, 0, 0, 0, 0, 0, 0, 0, 0, 0, 0, 0, 0, 0, 0, 0, 0, 0, 0, 0, 0, 0, 0, 0, 0, 0, 0, 0, 0, 0, 0, 0, 0, 0, 0, 0, 0, 0, 0, 0, 0, 0, 0, 0, 0, 0, 0, 0, 0, 0, 0, 0, 0, 0, 0, 0, 0, 0, 0, 0, 0, 0, 0, 0, 0, 0], len: 3 }, min_pow_score: 1500, below_max_depth: 15, rent_structure: RentStructure { v_byte_cost: 100, v_byte_factor_key: 10, v_byte_factor_data: 1 }, token_supply: 1813620509061365 }, pending_protocol_parameters: [], base_token: BaseTokenResponse { name: "Shimmer", ticker_symbol: "SMR", unit: "SMR", subunit: Some("glow"), decimals: 6, use_metric_prefix: false }, metrics: MetricsResponse { blocks_per_second: 5.6, referenced_blocks_per_second: 5.0, referenced_rate: 89.28571428571429 }, features: [] }, url: "https://stardust.xeevee.net" })
2023-12-26 19:21:30 (UTC) iota_sdk::client::node_manager::syncing    [94mDEBUG[0m sync_nodes
2023-12-26 19:21:30 (UTC) reqwest::connect                           [94mDEBUG[0m starting new connection: https://stardust.xeevee.net/
2023-12-26 19:21:30 (UTC) rustls::client::hs                         [94mDEBUG[0m No cached session for DnsName("stardust.xeevee.net")
2023-12-26 19:21:30 (UTC) rustls::client::hs                         [94mDEBUG[0m Not resuming any session
2023-12-26 19:21:30 (UTC) rustls::client::hs                         [94mDEBUG[0m Using ciphersuite TLS13_AES_128_GCM_SHA256
2023-12-26 19:21:30 (UTC) rustls::client::tls13                      [94mDEBUG[0m Not resuming
2023-12-26 19:21:30 (UTC) rustls::client::tls13                      [94mDEBUG[0m TLS1.3 encrypted extensions: [Protocols([ProtocolName(6832)])]
2023-12-26 19:21:30 (UTC) rustls::client::hs                         [94mDEBUG[0m ALPN protocol is Some(b"h2")
2023-12-26 19:21:30 (UTC) iota_sdk::client::node_manager::http_client [94mDEBUG[0m GET: 276 ms for 200 OK https://stardust.xeevee.net/api/core/v2/info
2023-12-26 19:21:30 (UTC) rustls::common_state                       [94mDEBUG[0m Sending warning alert CloseNotify
2023-12-26 19:21:30 (UTC) iota_sdk_bindings_core::method_handler::call_method [94mDEBUG[0m Client method: GetInfo
2023-12-26 19:21:30 (UTC) reqwest::connect                           [94mDEBUG[0m starting new connection: https://stardust.xeevee.net/
2023-12-26 19:21:30 (UTC) rustls::client::hs                         [94mDEBUG[0m No cached session for DnsName("stardust.xeevee.net")
2023-12-26 19:21:30 (UTC) rustls::client::hs                         [94mDEBUG[0m Not resuming any session
2023-12-26 19:21:30 (UTC) rustls::client::hs                         [94mDEBUG[0m Using ciphersuite TLS13_AES_128_GCM_SHA256
2023-12-26 19:21:30 (UTC) rustls::client::tls13                      [94mDEBUG[0m Not resuming
2023-12-26 19:21:30 (UTC) rustls::client::tls13                      [94mDEBUG[0m TLS1.3 encrypted extensions: [Protocols([ProtocolName(6832)])]
2023-12-26 19:21:30 (UTC) rustls::client::hs                         [94mDEBUG[0m ALPN protocol is Some(b"h2")
2023-12-26 19:21:30 (UTC) iota_sdk::client::node_manager::http_client [94mDEBUG[0m GET: 196 ms for 200 OK https://stardust.xeevee.net/api/core/v2/info
2023-12-26 19:21:30 (UTC) iota_sdk_bindings_core::method_handler::call_method [94mDEBUG[0m Client response: Info(NodeInfoWrapper { node_info: InfoResponse { name: "HORNET", version: "2.0.1", status: StatusResponse { is_healthy: true, latest_milestone: LatestMilestoneResponse { index: 7572806, timestamp: Some(1703618485), milestone_id: Some(MilestoneId(0xedccb3df4a29e8c1834cc5a2edb8bb5881775783093b5aa17d93a91b48ba60f8)) }, confirmed_milestone: ConfirmedMilestoneResponse { index: 7572806, timestamp: Some(1703618485), milestone_id: Some(MilestoneId(0xedccb3df4a29e8c1834cc5a2edb8bb5881775783093b5aa17d93a91b48ba60f8)) }, pruning_index: 7123917 }, supported_protocol_versions: [2], protocol: ProtocolParameters { protocol_version: 2, network_name: "shimmer", bech32_hrp: Hrp { inner: [115, 109, 114, 0, 0, 0, 0, 0, 0, 0, 0, 0, 0, 0, 0, 0, 0, 0, 0, 0, 0, 0, 0, 0, 0, 0, 0, 0, 0, 0, 0, 0, 0, 0, 0, 0, 0, 0, 0, 0, 0, 0, 0, 0, 0, 0, 0, 0, 0, 0, 0, 0, 0, 0, 0, 0, 0, 0, 0, 0, 0, 0, 0, 0, 0, 0, 0, 0, 0, 0, 0, 0, 0, 0, 0, 0, 0, 0, 0, 0, 0, 0, 0], len: 3 }, min_pow_score: 1500, below_max_depth: 15, rent_structure: RentStructure { v_byte_cost: 100, v_byte_factor_key: 10, v_byte_factor_data: 1 }, token_supply: 1813620509061365 }, pending_protocol_parameters: [], base_token: BaseTokenResponse { name: "Shimmer", ticker_symbol: "SMR", unit: "SMR", subunit: Some("glow"), decimals: 6, use_metric_prefix: false }, metrics: MetricsResponse { blocks_per_second: 6.333333333333333, referenced_blocks_per_second: 7.333333333333333, referenced_rate: 115.78947368421052 }, features: [] }, url: "https://stardust.xeevee.net" })
2023-12-26 20:41:09 (UTC) iota_sdk::client::node_manager::syncing    [94mDEBUG[0m sync_nodes
2023-12-26 20:41:09 (UTC) reqwest::connect                           [94mDEBUG[0m starting new connection: https://stardust.xeevee.net/
2023-12-26 20:41:09 (UTC) rustls::client::hs                         [94mDEBUG[0m No cached session for DnsName("stardust.xeevee.net")
2023-12-26 20:41:09 (UTC) rustls::client::hs                         [94mDEBUG[0m Not resuming any session
2023-12-26 20:41:10 (UTC) rustls::client::hs                         [94mDEBUG[0m Using ciphersuite TLS13_AES_128_GCM_SHA256
2023-12-26 20:41:10 (UTC) rustls::client::tls13                      [94mDEBUG[0m Not resuming
2023-12-26 20:41:10 (UTC) rustls::client::tls13                      [94mDEBUG[0m TLS1.3 encrypted extensions: [Protocols([ProtocolName(6832)])]
2023-12-26 20:41:10 (UTC) rustls::client::hs                         [94mDEBUG[0m ALPN protocol is Some(b"h2")
2023-12-26 20:41:10 (UTC) iota_sdk::client::node_manager::http_client [94mDEBUG[0m GET: 292 ms for 200 OK https://stardust.xeevee.net/api/core/v2/info
2023-12-26 20:41:10 (UTC) rustls::common_state                       [94mDEBUG[0m Sending warning alert CloseNotify
2023-12-26 20:41:10 (UTC) iota_sdk_bindings_core::method_handler::call_method [94mDEBUG[0m Client method: GetInfo
2023-12-26 20:41:10 (UTC) reqwest::connect                           [94mDEBUG[0m starting new connection: https://stardust.xeevee.net/
2023-12-26 20:41:10 (UTC) rustls::client::hs                         [94mDEBUG[0m No cached session for DnsName("stardust.xeevee.net")
2023-12-26 20:41:10 (UTC) rustls::client::hs                         [94mDEBUG[0m Not resuming any session
2023-12-26 20:41:10 (UTC) rustls::client::hs                         [94mDEBUG[0m Using ciphersuite TLS13_AES_128_GCM_SHA256
2023-12-26 20:41:10 (UTC) rustls::client::tls13                      [94mDEBUG[0m Not resuming
2023-12-26 20:41:10 (UTC) rustls::client::tls13                      [94mDEBUG[0m TLS1.3 encrypted extensions: [Protocols([ProtocolName(6832)])]
2023-12-26 20:41:10 (UTC) rustls::client::hs                         [94mDEBUG[0m ALPN protocol is Some(b"h2")
2023-12-26 20:41:10 (UTC) iota_sdk::client::node_manager::http_client [94mDEBUG[0m GET: 208 ms for 200 OK https://stardust.xeevee.net/api/core/v2/info
2023-12-26 20:41:10 (UTC) iota_sdk_bindings_core::method_handler::call_method [94mDEBUG[0m Client response: Info(NodeInfoWrapper { node_info: InfoResponse { name: "HORNET", version: "2.0.1", status: StatusResponse { is_healthy: true, latest_milestone: LatestMilestoneResponse { index: 7573725, timestamp: Some(1703623266), milestone_id: Some(MilestoneId(0x08e98ec38368a61e760ba28e596a157d8d2bb8ae9144f621207523ca48a00be3)) }, confirmed_milestone: ConfirmedMilestoneResponse { index: 7573725, timestamp: Some(1703623266), milestone_id: Some(MilestoneId(0x08e98ec38368a61e760ba28e596a157d8d2bb8ae9144f621207523ca48a00be3)) }, pruning_index: 7123917 }, supported_protocol_versions: [2], protocol: ProtocolParameters { protocol_version: 2, network_name: "shimmer", bech32_hrp: Hrp { inner: [115, 109, 114, 0, 0, 0, 0, 0, 0, 0, 0, 0, 0, 0, 0, 0, 0, 0, 0, 0, 0, 0, 0, 0, 0, 0, 0, 0, 0, 0, 0, 0, 0, 0, 0, 0, 0, 0, 0, 0, 0, 0, 0, 0, 0, 0, 0, 0, 0, 0, 0, 0, 0, 0, 0, 0, 0, 0, 0, 0, 0, 0, 0, 0, 0, 0, 0, 0, 0, 0, 0, 0, 0, 0, 0, 0, 0, 0, 0, 0, 0, 0, 0], len: 3 }, min_pow_score: 1500, below_max_depth: 15, rent_structure: RentStructure { v_byte_cost: 100, v_byte_factor_key: 10, v_byte_factor_data: 1 }, token_supply: 1813620509061365 }, pending_protocol_parameters: [], base_token: BaseTokenResponse { name: "Shimmer", ticker_symbol: "SMR", unit: "SMR", subunit: Some("glow"), decimals: 6, use_metric_prefix: false }, metrics: MetricsResponse { blocks_per_second: 6.4, referenced_blocks_per_second: 8.4, referenced_rate: 131.25 }, features: [] }, url: "https://stardust.xeevee.net" })
2023-12-26 20:41:10 (UTC) iota_sdk_bindings_core::method_handler::call_method [94mDEBUG[0m Client method: GetInfo
2023-12-26 20:41:10 (UTC) iota_sdk::client::node_manager::http_client [94mDEBUG[0m GET: 62 ms for 200 OK https://stardust.xeevee.net/api/core/v2/info
2023-12-26 20:41:10 (UTC) iota_sdk_bindings_core::method_handler::call_method [94mDEBUG[0m Client response: Info(NodeInfoWrapper { node_info: InfoResponse { name: "HORNET", version: "2.0.1", status: StatusResponse { is_healthy: true, latest_milestone: LatestMilestoneResponse { index: 7573725, timestamp: Some(1703623266), milestone_id: Some(MilestoneId(0x08e98ec38368a61e760ba28e596a157d8d2bb8ae9144f621207523ca48a00be3)) }, confirmed_milestone: ConfirmedMilestoneResponse { index: 7573725, timestamp: Some(1703623266), milestone_id: Some(MilestoneId(0x08e98ec38368a61e760ba28e596a157d8d2bb8ae9144f621207523ca48a00be3)) }, pruning_index: 7123917 }, supported_protocol_versions: [2], protocol: ProtocolParameters { protocol_version: 2, network_name: "shimmer", bech32_hrp: Hrp { inner: [115, 109, 114, 0, 0, 0, 0, 0, 0, 0, 0, 0, 0, 0, 0, 0, 0, 0, 0, 0, 0, 0, 0, 0, 0, 0, 0, 0, 0, 0, 0, 0, 0, 0, 0, 0, 0, 0, 0, 0, 0, 0, 0, 0, 0, 0, 0, 0, 0, 0, 0, 0, 0, 0, 0, 0, 0, 0, 0, 0, 0, 0, 0, 0, 0, 0, 0, 0, 0, 0, 0, 0, 0, 0, 0, 0, 0, 0, 0, 0, 0, 0, 0], len: 3 }, min_pow_score: 1500, below_max_depth: 15, rent_structure: RentStructure { v_byte_cost: 100, v_byte_factor_key: 10, v_byte_factor_data: 1 }, token_supply: 1813620509061365 }, pending_protocol_parameters: [], base_token: BaseTokenResponse { name: "Shimmer", ticker_symbol: "SMR", unit: "SMR", subunit: Some("glow"), decimals: 6, use_metric_prefix: false }, metrics: MetricsResponse { blocks_per_second: 6.4, referenced_blocks_per_second: 8.4, referenced_rate: 131.25 }, features: [] }, url: "https://stardust.xeevee.net" })
