2023-12-26 20:01:43 (UTC) iota_sdk::client::node_manager::syncing    [94mDEBUG[0m sync_nodes
2023-12-26 20:01:43 (UTC) reqwest::connect                           [94mDEBUG[0m starting new connection: https://stardust.xeevee.net/
2023-12-26 20:01:43 (UTC) rustls::client::hs                         [94mDEBUG[0m No cached session for DnsName("stardust.xeevee.net")
2023-12-26 20:01:43 (UTC) rustls::client::hs                         [94mDEBUG[0m Not resuming any session
2023-12-26 20:01:43 (UTC) rustls::client::hs                         [94mDEBUG[0m Using ciphersuite TLS13_AES_128_GCM_SHA256
2023-12-26 20:01:43 (UTC) rustls::client::tls13                      [94mDEBUG[0m Not resuming
2023-12-26 20:01:43 (UTC) rustls::client::tls13                      [94mDEBUG[0m TLS1.3 encrypted extensions: [Protocols([ProtocolName(6832)])]
2023-12-26 20:01:43 (UTC) rustls::client::hs                         [94mDEBUG[0m ALPN protocol is Some(b"h2")
2023-12-26 20:01:43 (UTC) iota_sdk::client::node_manager::http_client [94mDEBUG[0m GET: 273 ms for 200 OK https://stardust.xeevee.net/api/core/v2/info
2023-12-26 20:01:43 (UTC) rustls::common_state                       [94mDEBUG[0m Sending warning alert CloseNotify
2023-12-26 20:01:43 (UTC) iota_sdk_bindings_core::method_handler::call_method [94mDEBUG[0m Client method: GetInfo
2023-12-26 20:01:43 (UTC) reqwest::connect                           [94mDEBUG[0m starting new connection: https://stardust.xeevee.net/
2023-12-26 20:01:43 (UTC) rustls::client::hs                         [94mDEBUG[0m No cached session for DnsName("stardust.xeevee.net")
2023-12-26 20:01:43 (UTC) rustls::client::hs                         [94mDEBUG[0m Not resuming any session
2023-12-26 20:01:43 (UTC) rustls::client::hs                         [94mDEBUG[0m Using ciphersuite TLS13_AES_128_GCM_SHA256
2023-12-26 20:01:43 (UTC) rustls::client::tls13                      [94mDEBUG[0m Not resuming
2023-12-26 20:01:43 (UTC) rustls::client::tls13                      [94mDEBUG[0m TLS1.3 encrypted extensions: [Protocols([ProtocolName(6832)])]
2023-12-26 20:01:43 (UTC) rustls::client::hs                         [94mDEBUG[0m ALPN protocol is Some(b"h2")
2023-12-26 20:01:44 (UTC) iota_sdk::client::node_manager::http_client [94mDEBUG[0m GET: 207 ms for 200 OK https://stardust.xeevee.net/api/core/v2/info
2023-12-26 20:01:44 (UTC) iota_sdk_bindings_core::method_handler::call_method [94mDEBUG[0m Client response: Info(NodeInfoWrapper { node_info: InfoResponse { name: "HORNET", version: "2.0.1", status: StatusResponse { is_healthy: true, latest_milestone: LatestMilestoneResponse { index: 7573270, timestamp: Some(1703620901), milestone_id: Some(MilestoneId(0x52f1cb166d32aed75c28d1f79609b7d10c27826d13692df3d774760824a7a278)) }, confirmed_milestone: ConfirmedMilestoneResponse { index: 7573270, timestamp: Some(1703620901), milestone_id: Some(MilestoneId(0x52f1cb166d32aed75c28d1f79609b7d10c27826d13692df3d774760824a7a278)) }, pruning_index: 7123917 }, supported_protocol_versions: [2], protocol: ProtocolParameters { protocol_version: 2, network_name: "shimmer", bech32_hrp: Hrp { inner: [115, 109, 114, 0, 0, 0, 0, 0, 0, 0, 0, 0, 0, 0, 0, 0, 0, 0, 0, 0, 0, 0, 0, 0, 0, 0, 0, 0, 0, 0, 0, 0, 0, 0, 0, 0, 0, 0, 0, 0, 0, 0, 0, 0, 0, 0, 0, 0, 0, 0, 0, 0, 0, 0, 0, 0, 0, 0, 0, 0, 0, 0, 0, 0, 0, 0, 0, 0, 0, 0, 0, 0, 0, 0, 0, 0, 0, 0, 0, 0, 0, 0, 0], len: 3 }, min_pow_score: 1500, below_max_depth: 15, rent_structure: RentStructure { v_byte_cost: 100, v_byte_factor_key: 10, v_byte_factor_data: 1 }, token_supply: 1813620509061365 }, pending_protocol_parameters: [], base_token: BaseTokenResponse { name: "Shimmer", ticker_symbol: "SMR", unit: "SMR", subunit: Some("glow"), decimals: 6, use_metric_prefix: false }, metrics: MetricsResponse { blocks_per_second: 8.6, referenced_blocks_per_second: 7.0, referenced_rate: 81.3953488372093 }, features: [] }, url: "https://stardust.xeevee.net" })
2023-12-26 20:01:44 (UTC) iota_sdk_bindings_core::method_handler::call_method [94mDEBUG[0m Client method: GetInfo
2023-12-26 20:01:44 (UTC) iota_sdk::client::node_manager::http_client [94mDEBUG[0m GET: 85 ms for 200 OK https://stardust.xeevee.net/api/core/v2/info
2023-12-26 20:01:44 (UTC) iota_sdk_bindings_core::method_handler::call_method [94mDEBUG[0m Client response: Info(NodeInfoWrapper { node_info: InfoResponse { name: "HORNET", version: "2.0.1", status: StatusResponse { is_healthy: true, latest_milestone: LatestMilestoneResponse { index: 7573270, timestamp: Some(1703620901), milestone_id: Some(MilestoneId(0x52f1cb166d32aed75c28d1f79609b7d10c27826d13692df3d774760824a7a278)) }, confirmed_milestone: ConfirmedMilestoneResponse { index: 7573270, timestamp: Some(1703620901), milestone_id: Some(MilestoneId(0x52f1cb166d32aed75c28d1f79609b7d10c27826d13692df3d774760824a7a278)) }, pruning_index: 7123917 }, supported_protocol_versions: [2], protocol: ProtocolParameters { protocol_version: 2, network_name: "shimmer", bech32_hrp: Hrp { inner: [115, 109, 114, 0, 0, 0, 0, 0, 0, 0, 0, 0, 0, 0, 0, 0, 0, 0, 0, 0, 0, 0, 0, 0, 0, 0, 0, 0, 0, 0, 0, 0, 0, 0, 0, 0, 0, 0, 0, 0, 0, 0, 0, 0, 0, 0, 0, 0, 0, 0, 0, 0, 0, 0, 0, 0, 0, 0, 0, 0, 0, 0, 0, 0, 0, 0, 0, 0, 0, 0, 0, 0, 0, 0, 0, 0, 0, 0, 0, 0, 0, 0, 0], len: 3 }, min_pow_score: 1500, below_max_depth: 15, rent_structure: RentStructure { v_byte_cost: 100, v_byte_factor_key: 10, v_byte_factor_data: 1 }, token_supply: 1813620509061365 }, pending_protocol_parameters: [], base_token: BaseTokenResponse { name: "Shimmer", ticker_symbol: "SMR", unit: "SMR", subunit: Some("glow"), decimals: 6, use_metric_prefix: false }, metrics: MetricsResponse { blocks_per_second: 8.6, referenced_blocks_per_second: 7.0, referenced_rate: 81.3953488372093 }, features: [] }, url: "https://stardust.xeevee.net" })
